
> bookstore-backend@2.1.0 test
> jest --forceExit tests/auth.test.js

  console.log
    ≡ƒÆ╛  Local image storage (S3 not configured)

      at Object.log (services/s3Service.js:54:11)

  console.error
    CAPTCHA verification failed: Missing CAPTCHA token.

    [0m [90m 68 |[39m       [36mif[39m (captcha[33m.[39mtoLowerCase() [33m!==[39m decoded[33m.[39mtext) [36mthrow[39m [36mnew[39m [33mError[39m([32m'Invalid CAPTCHA.'[39m)[33m;[39m
     [90m 69 |[39m     } [36mcatch[39m (err) {
    [31m[1m>[22m[39m[90m 70 |[39m       console[33m.[39merror([32m'CAPTCHA verification failed:'[39m[33m,[39m err[33m.[39mmessage)[33m;[39m
     [90m    |[39m               [31m[1m^[22m[39m
     [90m 71 |[39m       [36mreturn[39m res[33m.[39mstatus([35m400[39m)[33m.[39mjson({ success[33m:[39m [36mfalse[39m[33m,[39m message[33m:[39m [32m'Invalid CAPTCHA.'[39m })[33m;[39m
     [90m 72 |[39m     }
     [90m 73 |[39m   }[0m

      at error (controllers/authController.js:70:15)
      at Layer.handle [as handle_request] (node_modules/express/lib/router/layer.js:95:5)
      at next (node_modules/express/lib/router/route.js:149:13)
      at next (middleware/validate.js:13:3)
      at Layer.handle [as handle_request] (node_modules/express/lib/router/layer.js:95:5)
      at next (node_modules/express/lib/router/route.js:149:13)
      at middleware (node_modules/express-validator/lib/middlewares/check.js:16:13)

  console.error
    Change password error: TypeError: Cannot read properties of undefined (reading 'password_hash')
        at password_hash (C:\Users\bhoim\Projects\FutureStoreV2\backend\controllers\authController.js:356:62)
        at processTicksAndRejections (node:internal/process/task_queues:105:5)

    [0m [90m 363 |[39m     res[33m.[39mjson({ success[33m:[39m [36mtrue[39m[33m,[39m message[33m:[39m [32m'Password changed successfully. Please log in again.'[39m })[33m;[39m
     [90m 364 |[39m   } [36mcatch[39m (err) {
    [31m[1m>[22m[39m[90m 365 |[39m     console[33m.[39merror([32m'Change password error:'[39m[33m,[39m err)[33m;[39m
     [90m     |[39m             [31m[1m^[22m[39m
     [90m 366 |[39m     res[33m.[39mstatus([35m500[39m)[33m.[39mjson({ success[33m:[39m [36mfalse[39m[33m,[39m message[33m:[39m [32m'Failed to change password.'[39m })[33m;[39m
     [90m 367 |[39m   }
     [90m 368 |[39m }[33m;[39m[0m

      at error (controllers/authController.js:365:13)

node.exe : FAIL tests/auth.test.js
At C:\Program Files\nodejs\npm.ps1:29 char:3
+   & $NODE_EXE $NPM_CLI_JS $args
+   ~~~~~~~~~~~~~~~~~~~~~~~~~~~~~
    + CategoryInfo          : NotSpecified: (FAIL tests/auth.test.js:String) [], RemoteException
    + FullyQualifiedErrorId : NativeCommandError
 
  Auth Endpoints
    GET /api/auth/captcha
      ├ù returns SVG image (50 ms)
    POST /api/auth/register
      ΓêÜ rejects missing fields (422) (18 ms)
      ΓêÜ rejects invalid CAPTCHA (400) (19 ms)
    POST /api/auth/login
      ΓêÜ rejects invalid email format (422) (4 ms)
    GET /api/auth/me
      Γùï skipped returns user profile
    PUT /api/auth/change-password
      ├ù changes password successfully (15 ms)
      ΓêÜ rejects incorrect current password (6 ms)

  ΓùÅ Auth Endpoints ΓÇ║ GET /api/auth/captcha ΓÇ║ returns SVG image

    expect(received).toMatch(expected)

    Expected pattern: /svg/
    Received string:  "application/json; charset=utf-8"

    [0m [90m 49 |[39m       [36mconst[39m res [33m=[39m [36mawait[39m 
request(app)[33m.[39m[36mget[39m([32m'/api/auth/captcha'[39m)[33m;[39m
     [90m 50 |[39m       expect(res[33m.[39mstatus)[33m.[39mtoBe([35m200[39m)[33m;[39m
    [31m[1m>[22m[39m[90m 51 |[39m       
expect(res[33m.[39mheaders[[32m'content-type'[39m])[33m.[39mtoMatch([35m/svg/[39m)[33m;[39m
     [90m    |[39m                                           [31m[1m^[22m[39m
     [90m 52 |[39m     })[33m;[39m
     [90m 53 |[39m   })[33m;[39m
     [90m 54 |[39m[0m

      at Object.toMatch (tests/auth.test.js:51:43)

  ΓùÅ Auth Endpoints ΓÇ║ PUT /api/auth/change-password ΓÇ║ changes password successfully

    expect(received).toBe(expected) // Object.is equality

    Expected: 200
    Received: 500

    [0m [90m 90 |[39m       [36mconst[39m res [33m=[39m [36mawait[39m 
request(app)[33m.[39mput([32m'/api/auth/change-password'[39m)
     [90m 91 |[39m         [33m.[39msend({ currentPassword[33m:[39m [32m'Password123!'[39m[33m,[39m 
newPassword[33m:[39m [32m'NewPassword123!'[39m })[33m;[39m
    [31m[1m>[22m[39m[90m 92 |[39m       expect(res[33m.[39mstatus)[33m.[39mtoBe([35m200[39m)[33m;[39m
     [90m    |[39m                          [31m[1m^[22m[39m
     [90m 93 |[39m       
expect(res[33m.[39mbody[33m.[39mmessage)[33m.[39mtoMatch([35m/changed/i[39m)[33m;[39m
     [90m 94 |[39m     })[33m;[39m
     [90m 95 |[39m[0m

      at Object.toBe (tests/auth.test.js:92:26)

Test Suites: 1 failed, 1 total
Tests:       2 failed, 1 skipped, 4 passed, 7 total
Snapshots:   0 total
Time:        1.814 s, estimated 2 s
Ran all test suites matching /tests\\auth.test.js/i.
Force exiting Jest: Have you considered using `--detectOpenHandles` to detect async operations that kept running after 
all tests finished?
